[www.cnblogs.com/xinxianquan/index.html]
[backblue.gif]
[fade.gif]
[index.html]
[www.cnblogs.com/xinxianquan/rsd.xml]
[www.cnblogs.com/xinxianquan/wlwmanifest.xml]
[www.cnblogs.com/xinxianquan/archive/2019/06/08.html]
[www.cnblogs.com/xinxianquan/p/10989828.html]
[www.cnblogs.com/xinxianquan/archive/2019/06/05.html]
[www.cnblogs.com/xinxianquan/archive/2019/06/03.html]
[www.cnblogs.com/xinxianquan/p/10980174.html]
[www.cnblogs.com/xinxianquan/p/10968946.html]
[www.cnblogs.com/xinxianquan/archive/2019/06/02.html]
[www.cnblogs.com/xinxianquan/archive/2019/05/30.html]
[www.cnblogs.com/xinxianquan/p/10963436.html]
[www.cnblogs.com/xinxianquan/p/10762284.html]
[www.cnblogs.com/xinxianquan/archive/2019/05/29.html]
[www.cnblogs.com/xinxianquan/p/10943776.html]
[www.cnblogs.com/xinxianquan/p/10943610.html]
[www.cnblogs.com/xinxianquan/archive/2019/05/28.html]
[www.cnblogs.com/xinxianquan/p/10937829.html]
[www.cnblogs.com/xinxianquan/archive/2019/05/26.html]
[www.cnblogs.com/xinxianquan/p/10924883.html]
[www.cnblogs.com/xinxianquan/archive/2019/05/24.html]
[www.cnblogs.com/xinxianquan/p/10901176.html]
[www.cnblogs.com/xinxianquan/archive/2019/05/23.html]
[www.cnblogs.com/xinxianquan/p/10912318.html]
[www.cnblogs.com/xinxianquan/archive/2019/05/22.html]
[www.cnblogs.com/xinxianquan/p/10904476.html]
[www.cnblogs.com/xinxianquan/p/10938868.html]
[www.cnblogs.com/xinxianquan/archive/2019/05/21.html]
[www.cnblogs.com/xinxianquan/p/10902909.html]
[www.cnblogs.com/xinxianquan/archive/2019/05/17.html]
[www.cnblogs.com/xinxianquan/p/10876938.html]
[www.cnblogs.com/xinxianquan/archive/2019/05/16.html]
[www.cnblogs.com/xinxianquan/p/10735372.html]
[www.cnblogs.com/xinxianquan/p/10673954.html]
[www.cnblogs.com/xinxianquan/p/10828675.html]
[www.cnblogs.com/xinxianquan/archive/2019/05/09.html]
[www.cnblogs.com/xinxianquan/archive/2019/05/06.html]
[www.cnblogs.com/xinxianquan/p/10838683.html]
[www.cnblogs.com/xinxianquan/archive/2019/05/04.html]
[www.cnblogs.com/xinxianquan/p/10809644.html]
[www.cnblogs.com/xinxianquan/archive/2019/04/29.html]
[www.cnblogs.com/xinxianquan/p/10732914.html]
[www.cnblogs.com/xinxianquan/archive/2019/04/28.html]
[www.cnblogs.com/xinxianquan/p/10786899.html]
[www.cnblogs.com/xinxianquan/p/10784626.html]
[www.cnblogs.com/xinxianquan/archive/2019/04/26.html]
[www.cnblogs.com/xinxianquan/p/10773099.html]
[www.cnblogs.com/xinxianquan/archive/2019/04/23.html]
[www.cnblogs.com/xinxianquan/p/10750784.html]
[www.cnblogs.com/xinxianquan/archive/2019/04/20.html]
[www.cnblogs.com/xinxianquan/p/10741759.html]
[www.cnblogs.com/xinxianquan/archive/2019/04/19.html]
[www.cnblogs.com/xinxianquan/p/10735546.html]
[www.cnblogs.com/xinxianquan/archive/2019/04/17.html]
[www.cnblogs.com/xinxianquan/archive/2019/04/16.html]
[www.cnblogs.com/xinxianquan/archive/2019/04/15.html]
[www.cnblogs.com/xinxianquan/p/10713471.html]
[www.cnblogs.com/xinxianquan/archive/2019/04/12.html]
[www.cnblogs.com/xinxianquan/archive/2019/04/11.html]
[www.cnblogs.com/xinxianquan/p/10717283.html]
[www.cnblogs.com/xinxianquan/p/10699336.html]
[www.cnblogs.com/xinxianquan/archive/2019/04/07.html]
[www.cnblogs.com/xinxianquan/p/10663756.html]
[www.cnblogs.com/xinxianquan/archive/2019/04/05.html]
[www.cnblogs.com/xinxianquan/p/10660214.html]
[www.cnblogs.com/xinxianquan/p/10581911.html]
[www.cnblogs.com/xinxianquan/archive/2019/03/31.html]
[www.cnblogs.com/xinxianquan/p/10632188.html]
[www.cnblogs.com/xinxianquan/archive/2019/03/22.html]
[www.cnblogs.com/xinxianquan/p/10579064.html]
[www.cnblogs.com/xinxianquan/archive/2019/03/20.html]
[www.cnblogs.com/xinxianquan/p/10538420.html]
[www.cnblogs.com/xinxianquan/index.html]
[www.cnblogs.com/xinxianquan/default4658.html]
[www.cnblogs.com/xinxianquan/archive/2019/06/08.html]
[www.cnblogs.com/xinxianquan/p/10989828.html]
[www.cnblogs.com/xinxianquan/archive/2019/06/05.html]
[www.cnblogs.com/xinxianquan/p/10980174.html]
[www.cnblogs.com/xinxianquan/archive/2019/06/03.html]
[www.cnblogs.com/xinxianquan/p/10708687.html]
[www.cnblogs.com/xinxianquan/p/10968946.html]
[www.cnblogs.com/xinxianquan/archive/2019/06/02.html]
[www.cnblogs.com/xinxianquan/p/10963436.html]
[www.cnblogs.com/xinxianquan/archive/2019/05/30.html]
[www.cnblogs.com/xinxianquan/p/10762284.html]
[www.cnblogs.com/xinxianquan/archive/2019/05/29.html]
[www.cnblogs.com/xinxianquan/p/10943776.html]
[www.cnblogs.com/xinxianquan/p/10943610.html]
[www.cnblogs.com/xinxianquan/archive/2019/05/28.html]
[www.cnblogs.com/xinxianquan/p/10938868.html]
[www.cnblogs.com/xinxianquan/p/10937829.html]
[www.cnblogs.com/xinxianquan/archive/2019/05/26.html]
[www.cnblogs.com/xinxianquan/p/10924883.html]
[www.cnblogs.com/xinxianquan/archive/2019/05/24.html]
[www.cnblogs.com/xinxianquan/p/10901176.html]
[www.cnblogs.com/xinxianquan/archive/2019/05/23.html]
[www.cnblogs.com/xinxianquan/p/10912318.html]
[www.cnblogs.com/xinxianquan/archive/2019/05/22.html]
[www.cnblogs.com/xinxianquan/p/10904476.html]
[www.cnblogs.com/xinxianquan/archive/2019/05/21.html]
[www.cnblogs.com/xinxianquan/p/10902909.html]
[www.cnblogs.com/xinxianquan/archive/2019/05/17.html]
[www.cnblogs.com/xinxianquan/p/10876938.html]
[www.cnblogs.com/xinxianquan/archive/2019/05/16.html]
[www.cnblogs.com/xinxianquan/p/10735372.html]
[www.cnblogs.com/xinxianquan/p/10673954.html]
[www.cnblogs.com/xinxianquan/p/10828675.html]
[www.cnblogs.com/xinxianquan/archive/2019/05/09.html]
[www.cnblogs.com/xinxianquan/p/10838683.html]
[www.cnblogs.com/xinxianquan/archive/2019/05/06.html]
[www.cnblogs.com/xinxianquan/archive/2019/05/04.html]
[www.cnblogs.com/xinxianquan/p/10809644.html]
[www.cnblogs.com/xinxianquan/archive/2019/04/29.html]
[www.cnblogs.com/xinxianquan/p/10732914.html]
[www.cnblogs.com/xinxianquan/archive/2019/04/28.html]
[www.cnblogs.com/xinxianquan/p/10786899.html]
[www.cnblogs.com/xinxianquan/p/10784626.html]
[www.cnblogs.com/xinxianquan/archive/2019/04/26.html]
[www.cnblogs.com/xinxianquan/p/10773099.html]
[www.cnblogs.com/xinxianquan/archive/2019/04/23.html]
[www.cnblogs.com/xinxianquan/p/10750784.html]
[www.cnblogs.com/xinxianquan/archive/2019/04/20.html]
[www.cnblogs.com/xinxianquan/p/10741759.html]
[www.cnblogs.com/xinxianquan/archive/2019/04/19.html]
[www.cnblogs.com/xinxianquan/p/10735546.html]
[www.cnblogs.com/xinxianquan/archive/2019/04/17.html]
[www.cnblogs.com/xinxianquan/p/10708687.html]
[www.cnblogs.com/xinxianquan/archive/2019/04/16.html]
[www.cnblogs.com/xinxianquan/p/10717283.html]
[www.cnblogs.com/xinxianquan/archive/2019/04/15.html]
[www.cnblogs.com/xinxianquan/p/10713471.html]
[www.cnblogs.com/xinxianquan/archive/2019/04/12.html]
[www.cnblogs.com/xinxianquan/p/10699336.html]
[www.cnblogs.com/xinxianquan/archive/2019/04/11.html]
[www.cnblogs.com/xinxianquan/archive/2019/04/07.html]
[www.cnblogs.com/xinxianquan/p/10663756.html]
[www.cnblogs.com/xinxianquan/archive/2019/04/05.html]
[www.cnblogs.com/xinxianquan/p/10660214.html]
[www.cnblogs.com/xinxianquan/p/10581911.html]
[www.cnblogs.com/xinxianquan/archive/2019/03/31.html]
[www.cnblogs.com/xinxianquan/p/10632188.html]
[www.cnblogs.com/xinxianquan/archive/2019/03/22.html]
[www.cnblogs.com/xinxianquan/p/10579064.html]
[www.cnblogs.com/xinxianquan/archive/2019/03/20.html]
[www.cnblogs.com/xinxianquan/p/10538420.html]
[www.cnblogs.com/xinxianquan/default2679.html]
[www.cnblogs.com/xinxianquan/default9ba9.html]
[www.cnblogs.com/xinxianquan/defaultfdb0.html]
[www.cnblogs.com/xinxianquan/defaultaf4d.html]
[www.cnblogs.com/xinxianquan/defaultc575.html]
[www.cnblogs.com/xinxianquan/default235c.html]
[www.cnblogs.com/xinxianquan/defaultfdfa.html]
[www.cnblogs.com/xinxianquan/archive/2019/03/19.html]
[www.cnblogs.com/xinxianquan/p/10556350.html]
[www.cnblogs.com/xinxianquan/archive/2019/03/18.html]
[www.cnblogs.com/xinxianquan/archive/2019/03/17.html]
[www.cnblogs.com/xinxianquan/p/10544852.html]
[www.cnblogs.com/xinxianquan/archive/2019/03/16.html]
[www.cnblogs.com/xinxianquan/p/10517845.html]
[www.cnblogs.com/xinxianquan/archive/2019/03/12.html]
[www.cnblogs.com/xinxianquan/archive/2019/03/08.html]
[www.cnblogs.com/xinxianquan/p/10506950.html]
[www.cnblogs.com/xinxianquan/p/10093814.html]
[www.cnblogs.com/xinxianquan/archive/2019/03/05.html]
[www.cnblogs.com/xinxianquan/p/10480297.html]
[www.cnblogs.com/xinxianquan/p/10442333.html]
[www.cnblogs.com/xinxianquan/archive/2019/03/04.html]
[www.cnblogs.com/xinxianquan/p/10193143.html]
[www.cnblogs.com/xinxianquan/archive/2019/03/01.html]
[www.cnblogs.com/xinxianquan/p/10438373.html]
[www.cnblogs.com/xinxianquan/archive/2019/02/26.html]
[www.cnblogs.com/xinxianquan/p/10436019.html]
[www.cnblogs.com/xinxianquan/archive/2019/02/25.html]
[www.cnblogs.com/xinxianquan/p/10431456.html]
[www.cnblogs.com/xinxianquan/archive/2019/02/24.html]
[www.cnblogs.com/xinxianquan/p/10428171.html]
[www.cnblogs.com/xinxianquan/archive/2019/02/19.html]
[www.cnblogs.com/xinxianquan/p/10393591.html]
[www.cnblogs.com/xinxianquan/archive/2019/02/10.html]
[www.cnblogs.com/xinxianquan/p/10354923.html]
[www.cnblogs.com/xinxianquan/archive/2019/02/07.html]
[www.cnblogs.com/xinxianquan/p/10354001.html]
[www.cnblogs.com/xinxianquan/archive/2019/02/03.html]
[www.cnblogs.com/xinxianquan/p/10339440.html]
[www.cnblogs.com/xinxianquan/archive/2019/01/25.html]
[www.cnblogs.com/xinxianquan/p/10322136.html]
[www.cnblogs.com/xinxianquan/archive/2019/01/24.html]
[www.cnblogs.com/xinxianquan/p/10274515.html]
[www.cnblogs.com/xinxianquan/archive/2019/01/23.html]
[www.cnblogs.com/xinxianquan/p/10308035.html]
[www.cnblogs.com/xinxianquan/archive/2019/01/22.html]
[www.cnblogs.com/xinxianquan/p/10300499.html]
[www.cnblogs.com/xinxianquan/archive/2019/01/21.html]
[www.cnblogs.com/xinxianquan/p/10289541.html]
[www.cnblogs.com/xinxianquan/archive/2019/01/18.html]
[www.cnblogs.com/xinxianquan/p/10289027.html]
[www.cnblogs.com/xinxianquan/archive/2019/01/11.html]
[www.cnblogs.com/xinxianquan/p/10245473.html]
[www.cnblogs.com/xinxianquan/p/10247212.html]
[www.cnblogs.com/xinxianquan/archive/2019/01/09.html]
[www.cnblogs.com/xinxianquan/p/10243943.html]
[www.cnblogs.com/xinxianquan/archive/2019/01/08.html]
[www.cnblogs.com/xinxianquan/p/10237176.html]
[www.cnblogs.com/xinxianquan/archive/2019/01/07.html]
[www.cnblogs.com/xinxianquan/p/10236651.html]
[www.cnblogs.com/xinxianquan/p/10232045.html]
[www.cnblogs.com/xinxianquan/archive/2019/01/06.html]
[www.cnblogs.com/xinxianquan/p/10230716.html]
[www.cnblogs.com/xinxianquan/archive/2019/01/04.html]
[www.cnblogs.com/xinxianquan/p/10217970.html]
[www.cnblogs.com/xinxianquan/archive/2019/01/03.html]
[www.cnblogs.com/xinxianquan/p/10217561.html]
[www.cnblogs.com/xinxianquan/archive/2019/01/02.html]
[www.cnblogs.com/xinxianquan/p/10211936.html]
[www.cnblogs.com/xinxianquan/articles/8903941.html]
[www.cnblogs.com/xinxianquan/p/10208413.html]
[www.cnblogs.com/xinxianquan/archive/2019/01/01.html]
[www.cnblogs.com/xinxianquan/p/10206474.html]
[www.cnblogs.com/xinxianquan/p/10204066.html]
[www.cnblogs.com/xinxianquan/p/10203951.html]
[www.cnblogs.com/xinxianquan/archive/2018/12/31.html]
[www.cnblogs.com/xinxianquan/default4658.html]
[www.cnblogs.com/xinxianquan/p/10203529.html]
[www.cnblogs.com/xinxianquan/default2679.html]
[www.cnblogs.com/xinxianquan/p/10193271.html]
[www.cnblogs.com/xinxianquan/archive/2018/12/27.html]
[www.cnblogs.com/xinxianquan/p/10185986.html]
[www.cnblogs.com/xinxianquan/p/10183622.html]
[www.cnblogs.com/xinxianquan/archive/2018/12/26.html]
[www.cnblogs.com/xinxianquan/p/10182603.html]
[www.cnblogs.com/xinxianquan/p/10180148.html]
[www.cnblogs.com/xinxianquan/p/10169223.html]
[www.cnblogs.com/xinxianquan/p/10162622.html]
[www.cnblogs.com/xinxianquan/archive/2018/12/25.html]
[www.cnblogs.com/xinxianquan/p/10174388.html]
[www.cnblogs.com/xinxianquan/p/10172668.html]
[www.cnblogs.com/xinxianquan/archive/2018/12/24.html]
[www.cnblogs.com/xinxianquan/p/10166545.html]
[www.cnblogs.com/xinxianquan/archive/2018/12/20.html]
[www.cnblogs.com/xinxianquan/archive/2018/12/19.html]
[www.cnblogs.com/xinxianquan/p/10140568.html]
[www.cnblogs.com/xinxianquan/p/10140686.html]
[www.cnblogs.com/xinxianquan/archive/2018/12/06.html]
[www.cnblogs.com/xinxianquan/p/10077245.html]
[www.cnblogs.com/xinxianquan/archive/2018/12/02.html]
[www.cnblogs.com/xinxianquan/p/10054771.html]
[www.cnblogs.com/xinxianquan/p/10053966.html]
[www.cnblogs.com/xinxianquan/archive/2018/11/20.html]
[www.cnblogs.com/xinxianquan/archive/2018/11/16.html]
[www.cnblogs.com/xinxianquan/archive/2018/11/03.html]
[www.cnblogs.com/xinxianquan/p/9881098.html]
[www.cnblogs.com/xinxianquan/p/9899222.html]
[www.cnblogs.com/xinxianquan/archive/2018/10/25.html]
[www.cnblogs.com/xinxianquan/p/9848660.html]
[www.cnblogs.com/xinxianquan/archive/2018/10/23.html]
[www.cnblogs.com/xinxianquan/p/9837702.html]
[www.cnblogs.com/xinxianquan/archive/2018/10/22.html]
[www.cnblogs.com/xinxianquan/p/9831156.html]
[www.cnblogs.com/xinxianquan/p/9221888.html]
[www.cnblogs.com/xinxianquan/p/9769456.html]
[www.cnblogs.com/xinxianquan/p/9732690.html]
[www.cnblogs.com/xinxianquan/p/9532214.html]
[www.cnblogs.com/xinxianquan/p/9773422.html]
[www.cnblogs.com/xinxianquan/p/9811585.html]
[www.cnblogs.com/xinxianquan/p/9779096.html]
[www.cnblogs.com/xinxianquan/p/9771835.html]
[www.cnblogs.com/xinxianquan/archive/2018/10/17.html]
[www.cnblogs.com/xinxianquan/p/9806500.html]
[www.cnblogs.com/xinxianquan/archive/2018/10/12.html]
[www.cnblogs.com/xinxianquan/p/9781105.html]
[www.cnblogs.com/xinxianquan/p/9778244.html]
[www.cnblogs.com/xinxianquan/archive/2018/10/10.html]
[www.cnblogs.com/xinxianquan/p/9762614.html]
[www.cnblogs.com/xinxianquan/p/9767597.html]
[www.cnblogs.com/xinxianquan/archive/2018/10/09.html]
[www.cnblogs.com/xinxianquan/p/9760679.html]
[www.cnblogs.com/xinxianquan/p/9697070.html]
[www.cnblogs.com/xinxianquan/p/9699065.html]
[www.cnblogs.com/xinxianquan/archive/2018/10/06.html]
[www.cnblogs.com/xinxianquan/default9ba9.html]
[www.cnblogs.com/xinxianquan/p/9746854.html]
[www.cnblogs.com/xinxianquan/archive/2018/10/04.html]
[www.cnblogs.com/xinxianquan/articles/9741143.html]
[www.cnblogs.com/xinxianquan/archive/2018/10/02.html]
[www.cnblogs.com/xinxianquan/p/9735720.html]
[www.cnblogs.com/xinxianquan/archive/2018/09/29.html]
[www.cnblogs.com/xinxianquan/p/9724226.html]
[www.cnblogs.com/xinxianquan/archive/2018/09/26.html]
[www.cnblogs.com/xinxianquan/p/9721817.html]
[www.cnblogs.com/xinxianquan/p/9704861.html]
[www.cnblogs.com/xinxianquan/archive/2018/09/24.html]
[www.cnblogs.com/xinxianquan/p/9695990.html]
[www.cnblogs.com/xinxianquan/archive/2018/09/23.html]
[www.cnblogs.com/xinxianquan/p/9682098.html]
[www.cnblogs.com/xinxianquan/p/9687614.html]
[www.cnblogs.com/xinxianquan/archive/2018/09/19.html]
[www.cnblogs.com/xinxianquan/p/9675613.html]
[www.cnblogs.com/xinxianquan/p/9660267.html]
[www.cnblogs.com/xinxianquan/archive/2018/09/09.html]
[www.cnblogs.com/xinxianquan/archive/2018/09/08.html]
[www.cnblogs.com/xinxianquan/p/9609770.html]
[www.cnblogs.com/xinxianquan/archive/2018/09/07.html]
[www.cnblogs.com/xinxianquan/p/9607488.html]
[www.cnblogs.com/xinxianquan/archive/2018/09/06.html]
[www.cnblogs.com/xinxianquan/p/9601690.html]
[www.cnblogs.com/xinxianquan/archive/2018/09/05.html]
[www.cnblogs.com/xinxianquan/p/9595485.html]
[www.cnblogs.com/xinxianquan/p/9593700.html]
[www.cnblogs.com/xinxianquan/archive/2018/09/04.html]
[www.cnblogs.com/xinxianquan/p/9588543.html]
[www.cnblogs.com/xinxianquan/p/9586041.html]
[www.cnblogs.com/xinxianquan/archive/2018/09/03.html]
[www.cnblogs.com/xinxianquan/p/9575782.html]
[www.cnblogs.com/xinxianquan/archive/2018/09/01.html]
[www.cnblogs.com/xinxianquan/p/9572015.html]
[www.cnblogs.com/xinxianquan/archive/2018/08/31.html]
[www.cnblogs.com/xinxianquan/p/9568672.html]
[www.cnblogs.com/xinxianquan/p/9564833.html]
[www.cnblogs.com/xinxianquan/archive/2018/08/30.html]
[www.cnblogs.com/xinxianquan/p/9562861.html]
[www.cnblogs.com/xinxianquan/archive/2018/08/29.html]
[www.cnblogs.com/xinxianquan/articles/9553369.html]
[www.cnblogs.com/xinxianquan/archive/2018/08/24.html]
[www.cnblogs.com/xinxianquan/p/9610974.html]
[www.cnblogs.com/xinxianquan/p/9241103.html]
[www.cnblogs.com/xinxianquan/archive/2018/08/18.html]
[www.cnblogs.com/xinxianquan/p/9499125.html]
[www.cnblogs.com/xinxianquan/p/9498453.html]
[www.cnblogs.com/xinxianquan/archive/2018/08/15.html]
[www.cnblogs.com/xinxianquan/p/9484590.html]
[www.cnblogs.com/xinxianquan/archive/2018/08/12.html]
[www.cnblogs.com/xinxianquan/p/9446175.html]
[www.cnblogs.com/xinxianquan/p/9425576.html]
[www.cnblogs.com/xinxianquan/p/9420341.html]
[www.cnblogs.com/xinxianquan/archive/2018/08/10.html]
[www.cnblogs.com/xinxianquan/p/9457902.html]
[www.cnblogs.com/xinxianquan/archive/2018/08/09.html]
[www.cnblogs.com/xinxianquan/p/9452200.html]
[www.cnblogs.com/xinxianquan/p/9452006.html]
[www.cnblogs.com/xinxianquan/archive/2018/08/07.html]
[www.cnblogs.com/xinxianquan/p/9356390.html]
[www.cnblogs.com/xinxianquan/p/9439461.html]
[www.cnblogs.com/xinxianquan/p/9427747.html]
[www.cnblogs.com/xinxianquan/archive/2018/08/03.html]
[www.cnblogs.com/xinxianquan/p/9415387.html]
[www.cnblogs.com/xinxianquan/p/9412928.html]
[www.cnblogs.com/xinxianquan/defaultfdb0.html]
[www.cnblogs.com/xinxianquan/p/9410355.html]
[www.cnblogs.com/xinxianquan/archive/2018/08/02.html]
[www.cnblogs.com/xinxianquan/p/9409331.html]
[www.cnblogs.com/xinxianquan/p/9407597.html]
[www.cnblogs.com/xinxianquan/archive/2018/08/01.html]
[www.cnblogs.com/xinxianquan/p/9404316.html]
[www.cnblogs.com/xinxianquan/archive/2018/07/28.html]
[www.cnblogs.com/xinxianquan/p/9379880.html]
[www.cnblogs.com/xinxianquan/archive/2018/07/25.html]
[www.cnblogs.com/xinxianquan/p/9368720.html]
[www.cnblogs.com/xinxianquan/archive/2018/07/23.html]
[www.cnblogs.com/xinxianquan/p/9357359.html]
[www.cnblogs.com/xinxianquan/p/9351852.html]
[www.cnblogs.com/xinxianquan/archive/2018/07/22.html]
[www.cnblogs.com/xinxianquan/p/9350693.html]
[www.cnblogs.com/xinxianquan/archive/2018/07/21.html]
[www.cnblogs.com/xinxianquan/p/9305694.html]
[www.cnblogs.com/xinxianquan/archive/2018/07/20.html]
[www.cnblogs.com/xinxianquan/p/9344555.html]
[www.cnblogs.com/xinxianquan/archive/2018/07/19.html]
[www.cnblogs.com/xinxianquan/p/9336943.html]
[www.cnblogs.com/xinxianquan/archive/2018/07/17.html]
[www.cnblogs.com/xinxianquan/p/9315441.html]
[www.cnblogs.com/xinxianquan/archive/2018/07/15.html]
[www.cnblogs.com/xinxianquan/p/9005435.html]
[www.cnblogs.com/xinxianquan/p/9248788.html]
[www.cnblogs.com/xinxianquan/archive/2018/07/12.html]
[www.cnblogs.com/xinxianquan/p/9302389.html]
[www.cnblogs.com/xinxianquan/p/9298493.html]
[www.cnblogs.com/xinxianquan/archive/2018/06/28.html]
[www.cnblogs.com/xinxianquan/p/9239983.html]
[www.cnblogs.com/xinxianquan/archive/2018/06/22.html]
[www.cnblogs.com/xinxianquan/articles/9215862.html]
[www.cnblogs.com/xinxianquan/p/9214128.html]
[www.cnblogs.com/xinxianquan/archive/2018/06/20.html]
[www.cnblogs.com/xinxianquan/p/9206282.html]
[www.cnblogs.com/xinxianquan/archive/2018/05/31.html]
[www.cnblogs.com/xinxianquan/p/9119278.html]
[www.cnblogs.com/xinxianquan/archive/2018/05/30.html]
[www.cnblogs.com/xinxianquan/p/9113874.html]
[www.cnblogs.com/xinxianquan/archive/2018/05/24.html]
[www.cnblogs.com/xinxianquan/p/9085090.html]
[www.cnblogs.com/xinxianquan/archive/2018/05/22.html]
[www.cnblogs.com/xinxianquan/p/9074382.html]
[www.cnblogs.com/xinxianquan/archive/2018/05/17.html]
[www.cnblogs.com/xinxianquan/archive/2018/05/10.html]
[www.cnblogs.com/xinxianquan/archive/2018/05/09.html]
[www.cnblogs.com/xinxianquan/p/9015075.html]
[www.cnblogs.com/xinxianquan/archive/2018/05/06.html]
[www.cnblogs.com/xinxianquan/p/8996423.html]
[www.cnblogs.com/xinxianquan/p/8998893.html]
[www.cnblogs.com/xinxianquan/archive/2018/05/03.html]
[www.cnblogs.com/xinxianquan/p/8987948.html]
[www.cnblogs.com/xinxianquan/archive/2018/04/26.html]
[www.cnblogs.com/xinxianquan/p/8886450.html]
[www.cnblogs.com/xinxianquan/p/8951018.html]
[www.cnblogs.com/xinxianquan/archive/2018/04/25.html]
[www.cnblogs.com/xinxianquan/p/8946385.html]
[www.cnblogs.com/xinxianquan/archive/2018/04/24.html]
[www.cnblogs.com/xinxianquan/archive/2018/04/23.html]
[www.cnblogs.com/xinxianquan/articles/8921963.html]
[www.cnblogs.com/xinxianquan/archive/2018/04/19.html]
[www.cnblogs.com/xinxianquan/p/9050279.html]
[www.cnblogs.com/xinxianquan/articles/8886236.html]
[www.cnblogs.com/xinxianquan/archive/2018/04/18.html]
[www.cnblogs.com/xinxianquan/p/8877819.html]
[www.cnblogs.com/xinxianquan/archive/2018/04/17.html]
[www.cnblogs.com/xinxianquan/p/8870427.html]
[www.cnblogs.com/xinxianquan/archive/2018/04/15.html]
[www.cnblogs.com/xinxianquan/defaultaf4d.html]
[www.cnblogs.com/xinxianquan/p/9020646.html]
[www.cnblogs.com/xinxianquan/p/8849710.html]
[www.cnblogs.com/xinxianquan/archive/2018/04/14.html]
[www.cnblogs.com/xinxianquan/articles/8836274.html]
[www.cnblogs.com/xinxianquan/archive/2018/04/13.html]
[www.cnblogs.com/xinxianquan/p/8824167.html]
[www.cnblogs.com/xinxianquan/p/8729238.html]
[www.cnblogs.com/xinxianquan/archive/2018/04/12.html]
[www.cnblogs.com/xinxianquan/p/8735340.html]
[www.cnblogs.com/xinxianquan/p/8810713.html]
[www.cnblogs.com/xinxianquan/archive/2018/04/11.html]
[www.cnblogs.com/xinxianquan/p/8798372.html]
[www.cnblogs.com/xinxianquan/archive/2018/04/10.html]
[www.cnblogs.com/xinxianquan/p/8783793.html]
[www.cnblogs.com/xinxianquan/archive/2018/04/09.html]
[www.cnblogs.com/xinxianquan/p/8763441.html]
[www.cnblogs.com/xinxianquan/archive/2018/04/08.html]
[www.cnblogs.com/xinxianquan/p/8747936.html]
[www.cnblogs.com/xinxianquan/archive/2018/04/05.html]
[www.cnblogs.com/xinxianquan/p/8724248.html]
[www.cnblogs.com/xinxianquan/p/8723258.html]
[www.cnblogs.com/xinxianquan/archive/2018/04/03.html]
[www.cnblogs.com/xinxianquan/p/8711610.html]
[www.cnblogs.com/xinxianquan/archive/2018/04/02.html]
[www.cnblogs.com/xinxianquan/p/8688637.html]
[www.cnblogs.com/xinxianquan/archive/2018/03/30.html]
[www.cnblogs.com/xinxianquan/p/8678815.html]
[www.cnblogs.com/xinxianquan/archive/2018/03/29.html]
[www.cnblogs.com/xinxianquan/p/8656853.html]
[www.cnblogs.com/xinxianquan/archive/2018/03/26.html]
[www.cnblogs.com/xinxianquan/p/8654611.html]
[www.cnblogs.com/xinxianquan/archive/2018/03/25.html]
[www.cnblogs.com/xinxianquan/p/8646721.html]
[www.cnblogs.com/xinxianquan/p/8641758.html]
[www.cnblogs.com/xinxianquan/archive/2018/03/23.html]
[www.cnblogs.com/xinxianquan/p/8635358.html]
[www.cnblogs.com/xinxianquan/archive/2018/03/22.html]
[www.cnblogs.com/xinxianquan/archive/2018/03/21.html]
[www.cnblogs.com/xinxianquan/p/8620219.html]
[www.cnblogs.com/xinxianquan/archive/2018/03/20.html]
[www.cnblogs.com/xinxianquan/p/8627365.html]
[www.cnblogs.com/xinxianquan/p/8613219.html]
[www.cnblogs.com/xinxianquan/archive/2018/03/18.html]
[www.cnblogs.com/xinxianquan/p/8586088.html]
[www.cnblogs.com/xinxianquan/archive/2018/03/17.html]
[www.cnblogs.com/xinxianquan/p/8592983.html]
[www.cnblogs.com/xinxianquan/archive/2018/03/16.html]
[www.cnblogs.com/xinxianquan/p/8576874.html]
[www.cnblogs.com/xinxianquan/archive/2018/03/15.html]
[www.cnblogs.com/xinxianquan/p/8575932.html]
[www.cnblogs.com/xinxianquan/archive/2018/03/14.html]
[www.cnblogs.com/xinxianquan/p/8568347.html]
[www.cnblogs.com/xinxianquan/archive/2018/03/13.html]
[www.cnblogs.com/xinxianquan/p/8554284.html]
[www.cnblogs.com/xinxianquan/archive/2018/03/12.html]
[www.cnblogs.com/xinxianquan/p/8551946.html]
[www.cnblogs.com/xinxianquan/archive/2018/03/11.html]
[www.cnblogs.com/xinxianquan/p/8546568.html]
[www.cnblogs.com/xinxianquan/archive/2018/03/10.html]
[www.cnblogs.com/xinxianquan/p/8542465.html]
[www.cnblogs.com/xinxianquan/archive/2018/03/09.html]
[www.cnblogs.com/xinxianquan/p/8536801.html]
[www.cnblogs.com/xinxianquan/p/8536463.html]
[www.cnblogs.com/xinxianquan/archive/2018/03/08.html]
[www.cnblogs.com/xinxianquan/p/8531339.html]
[www.cnblogs.com/xinxianquan/archive/2018/03/07.html]
[www.cnblogs.com/xinxianquan/p/8525898.html]
[www.cnblogs.com/xinxianquan/archive/2018/03/06.html]
[www.cnblogs.com/xinxianquan/p/8519603.html]
[www.cnblogs.com/xinxianquan/p/8513574.html]
[www.cnblogs.com/xinxianquan/archive/2018/03/05.html]
[www.cnblogs.com/xinxianquan/p/8511824.html]
[www.cnblogs.com/xinxianquan/archive/2018/03/04.html]
[www.cnblogs.com/xinxianquan/p/8506465.html]
[www.cnblogs.com/xinxianquan/archive/2018/03/03.html]
[www.cnblogs.com/xinxianquan/defaultc575.html]
[www.cnblogs.com/xinxianquan/p/8503050.html]
[www.cnblogs.com/xinxianquan/p/8496083.html]
[www.cnblogs.com/xinxianquan/archive/2018/03/02.html]
[www.cnblogs.com/xinxianquan/p/8492539.html]
[www.cnblogs.com/xinxianquan/archive/2018/03/01.html]
[www.cnblogs.com/xinxianquan/p/8476042.html]
[www.cnblogs.com/xinxianquan/p/8490741.html]
[www.cnblogs.com/xinxianquan/archive/2018/02/28.html]
[www.cnblogs.com/xinxianquan/p/8482849.html]
[www.cnblogs.com/xinxianquan/archive/2018/02/27.html]
[www.cnblogs.com/xinxianquan/p/8481345.html]
[www.cnblogs.com/xinxianquan/p/8478030.html]
[www.cnblogs.com/xinxianquan/p/8477874.html]
[www.cnblogs.com/xinxianquan/archive/2018/02/26.html]
[www.cnblogs.com/xinxianquan/p/8476214.html]
[www.cnblogs.com/xinxianquan/archive/2018/02/25.html]
[www.cnblogs.com/xinxianquan/p/8470741.html]
[www.cnblogs.com/xinxianquan/p/8469755.html]
[www.cnblogs.com/xinxianquan/p/8468690.html]
[www.cnblogs.com/xinxianquan/archive/2018/02/24.html]
[www.cnblogs.com/xinxianquan/p/8467886.html]
[www.cnblogs.com/xinxianquan/p/8464937.html]
[www.cnblogs.com/xinxianquan/archive/2018/02/23.html]
[www.cnblogs.com/xinxianquan/p/8463634.html]
[www.cnblogs.com/xinxianquan/p/8462817.html]
[www.cnblogs.com/xinxianquan/p/8461512.html]
[www.cnblogs.com/xinxianquan/archive/2018/02/22.html]
[www.cnblogs.com/xinxianquan/p/8460159.html]
[www.cnblogs.com/xinxianquan/archive/2018/02/10.html]
[www.cnblogs.com/xinxianquan/p/8439840.html]
[www.cnblogs.com/xinxianquan/p/8432964.html]
[www.cnblogs.com/xinxianquan/archive/2018/02/06.html]
[www.cnblogs.com/xinxianquan/archive/2018/02/04.html]
[www.cnblogs.com/xinxianquan/p/8422355.html]
[www.cnblogs.com/xinxianquan/p/8413417.html]
[www.cnblogs.com/xinxianquan/archive/2018/02/02.html]
[www.cnblogs.com/xinxianquan/p/8404648.html]
[www.cnblogs.com/xinxianquan/p/8402239.html]
[www.cnblogs.com/xinxianquan/archive/2018/02/01.html]
[www.cnblogs.com/xinxianquan/p/8394824.html]
[www.cnblogs.com/xinxianquan/archive/2018/01/31.html]
[www.cnblogs.com/xinxianquan/p/8394747.html]
[www.cnblogs.com/xinxianquan/p/8393610.html]
[www.cnblogs.com/xinxianquan/archive/2018/01/29.html]
[www.cnblogs.com/xinxianquan/p/8378559.html]
[www.cnblogs.com/xinxianquan/p/8378222.html]
[www.cnblogs.com/xinxianquan/p/8376439.html]
[www.cnblogs.com/xinxianquan/p/8376049.html]
[www.cnblogs.com/xinxianquan/archive/2018/01/28.html]
[www.cnblogs.com/xinxianquan/p/8370653.html]
[www.cnblogs.com/xinxianquan/archive/2018/01/27.html]
[www.cnblogs.com/xinxianquan/p/8367371.html]
[www.cnblogs.com/xinxianquan/p/8367275.html]
[www.cnblogs.com/xinxianquan/p/8365254.html]
[www.cnblogs.com/xinxianquan/archive/2018/01/23.html]
[www.cnblogs.com/xinxianquan/p/8336725.html]
[www.cnblogs.com/xinxianquan/p/8334092.html]
[www.cnblogs.com/xinxianquan/archive/2018/01/20.html]
[www.cnblogs.com/xinxianquan/articles/8322176.html]
[www.cnblogs.com/xinxianquan/archive/2018/01/19.html]
[www.cnblogs.com/xinxianquan/default235c.html]
[www.cnblogs.com/xinxianquan/articles/8319063.html]
[www.cnblogs.com/xinxianquan/p/8317673.html]
[www.cnblogs.com/xinxianquan/archive/2018/01/18.html]
[www.cnblogs.com/xinxianquan/articles/8311479.html]
[www.cnblogs.com/xinxianquan/archive/2018/01/17.html]
[www.cnblogs.com/xinxianquan/articles/8306520.html]
[www.cnblogs.com/xinxianquan/p/8301782.html]
[www.cnblogs.com/xinxianquan/archive/2018/01/11.html]
[www.cnblogs.com/xinxianquan/p/8270684.html]
[www.cnblogs.com/xinxianquan/archive/2018/01/09.html]
[www.cnblogs.com/xinxianquan/p/8253928.html]
[www.cnblogs.com/xinxianquan/archive/2018/01/07.html]
[www.cnblogs.com/xinxianquan/articles/8232358.html]
[www.cnblogs.com/xinxianquan/archive/2017/12/25.html]
[www.cnblogs.com/xinxianquan/articles/8111509.html]
[www.cnblogs.com/xinxianquan/archive/2017/12/18.html]
[www.cnblogs.com/xinxianquan/p/8060242.html]
[www.cnblogs.com/xinxianquan/archive/2017/12/17.html]
[www.cnblogs.com/xinxianquan/p/8053511.html]
[www.cnblogs.com/xinxianquan/archive/2017/11/29.html]
[www.cnblogs.com/xinxianquan/p/7921333.html]
[www.cnblogs.com/xinxianquan/archive/2017/11/28.html]
[www.cnblogs.com/xinxianquan/p/7912115.html]
[www.cnblogs.com/xinxianquan/p/7909131.html]
[www.cnblogs.com/xinxianquan/archive/2017/11/27.html]
[www.cnblogs.com/xinxianquan/p/7904953.html]
[www.cnblogs.com/xinxianquan/archive/2017/11/24.html]
[www.cnblogs.com/xinxianquan/p/7892639.html]
[www.cnblogs.com/xinxianquan/p/7891290.html]
[www.cnblogs.com/xinxianquan/archive/2017/11/23.html]
[www.cnblogs.com/xinxianquan/p/7886003.html]
[www.cnblogs.com/xinxianquan/archive/2017/11/20.html]
[www.cnblogs.com/xinxianquan/p/7868618.html]
[www.cnblogs.com/xinxianquan/archive/2017/11/19.html]
[www.cnblogs.com/xinxianquan/p/7860852.html]
[www.cnblogs.com/xinxianquan/archive/2017/11/14.html]
[www.cnblogs.com/xinxianquan/defaultfdfa.html]
[www.cnblogs.com/xinxianquan/archive/2019/03/19.html]
[www.cnblogs.com/xinxianquan/p/10556350.html]
[www.cnblogs.com/xinxianquan/p/7834500.html]
[www.cnblogs.com/xinxianquan/archive/2019/03/18.html]
[www.cnblogs.com/xinxianquan/archive/2019/03/17.html]
[www.cnblogs.com/xinxianquan/p/10544852.html]
[www.cnblogs.com/xinxianquan/archive/2019/03/16.html]
[www.cnblogs.com/xinxianquan/p/10517845.html]
[www.cnblogs.com/xinxianquan/archive/2019/03/12.html]
[www.cnblogs.com/xinxianquan/p/10506950.html]
[www.cnblogs.com/xinxianquan/archive/2019/03/08.html]
[www.cnblogs.com/xinxianquan/p/10093814.html]
[www.cnblogs.com/xinxianquan/archive/2019/03/05.html]
[www.cnblogs.com/xinxianquan/p/10480297.html]
[www.cnblogs.com/xinxianquan/p/10442333.html]
[www.cnblogs.com/xinxianquan/archive/2019/03/04.html]
[www.cnblogs.com/xinxianquan/p/10193143.html]
[www.cnblogs.com/xinxianquan/archive/2019/03/01.html]
[www.cnblogs.com/xinxianquan/p/10438373.html]
[www.cnblogs.com/xinxianquan/archive/2019/02/26.html]
[www.cnblogs.com/xinxianquan/p/10436019.html]
[www.cnblogs.com/xinxianquan/archive/2019/02/25.html]
[www.cnblogs.com/xinxianquan/p/10431456.html]
[www.cnblogs.com/xinxianquan/archive/2019/02/24.html]
[www.cnblogs.com/xinxianquan/p/10428171.html]
[www.cnblogs.com/xinxianquan/archive/2019/02/19.html]
[www.cnblogs.com/xinxianquan/p/10393591.html]
[www.cnblogs.com/xinxianquan/archive/2019/02/10.html]
[www.cnblogs.com/xinxianquan/p/10354923.html]
[www.cnblogs.com/xinxianquan/archive/2019/02/07.html]
[www.cnblogs.com/xinxianquan/p/10354001.html]
[www.cnblogs.com/xinxianquan/archive/2019/02/03.html]
[www.cnblogs.com/xinxianquan/p/10339440.html]
[www.cnblogs.com/xinxianquan/archive/2019/01/25.html]
[www.cnblogs.com/xinxianquan/p/10322136.html]
[www.cnblogs.com/xinxianquan/archive/2019/01/24.html]
[www.cnblogs.com/xinxianquan/p/10274515.html]
[www.cnblogs.com/xinxianquan/archive/2019/01/23.html]
[www.cnblogs.com/xinxianquan/p/10308035.html]
[www.cnblogs.com/xinxianquan/archive/2019/01/22.html]
[www.cnblogs.com/xinxianquan/p/10300499.html]
[www.cnblogs.com/xinxianquan/archive/2019/01/21.html]
[www.cnblogs.com/xinxianquan/p/10289541.html]
[www.cnblogs.com/xinxianquan/archive/2019/01/18.html]
[www.cnblogs.com/xinxianquan/p/10289027.html]
[www.cnblogs.com/xinxianquan/archive/2019/01/11.html]
[www.cnblogs.com/xinxianquan/p/10245473.html]
[www.cnblogs.com/xinxianquan/p/10247212.html]
[www.cnblogs.com/xinxianquan/archive/2019/01/09.html]
[www.cnblogs.com/xinxianquan/p/10243943.html]
[www.cnblogs.com/xinxianquan/archive/2019/01/08.html]
[www.cnblogs.com/xinxianquan/p/10237176.html]
[www.cnblogs.com/xinxianquan/archive/2019/01/07.html]
[www.cnblogs.com/xinxianquan/p/10236651.html]
[www.cnblogs.com/xinxianquan/p/10232045.html]
[www.cnblogs.com/xinxianquan/archive/2019/01/06.html]
[www.cnblogs.com/xinxianquan/p/10230716.html]
[www.cnblogs.com/xinxianquan/archive/2019/01/04.html]
[www.cnblogs.com/xinxianquan/p/10217970.html]
[www.cnblogs.com/xinxianquan/archive/2019/01/03.html]
[www.cnblogs.com/xinxianquan/p/10217561.html]
[www.cnblogs.com/xinxianquan/archive/2019/01/02.html]
[www.cnblogs.com/xinxianquan/p/10211936.html]
[www.cnblogs.com/xinxianquan/articles/8903941.html]
[www.cnblogs.com/xinxianquan/p/10208413.html]
[www.cnblogs.com/xinxianquan/archive/2019/01/01.html]
[www.cnblogs.com/xinxianquan/p/10206474.html]
[www.cnblogs.com/xinxianquan/p/10204066.html]
[www.cnblogs.com/xinxianquan/p/10203951.html]
[www.cnblogs.com/xinxianquan/archive/2018/12/31.html]
[www.cnblogs.com/xinxianquan/p/10203529.html]
[www.cnblogs.com/xinxianquan/p/10193271.html]
[www.cnblogs.com/xinxianquan/archive/2018/12/27.html]
[www.cnblogs.com/xinxianquan/p/10185986.html]
[www.cnblogs.com/xinxianquan/p/10183622.html]
[www.cnblogs.com/xinxianquan/archive/2018/12/26.html]
[www.cnblogs.com/xinxianquan/p/10182603.html]
[www.cnblogs.com/xinxianquan/p/10180148.html]
[www.cnblogs.com/xinxianquan/p/10169223.html]
[www.cnblogs.com/xinxianquan/p/10162622.html]
[www.cnblogs.com/xinxianquan/archive/2018/12/25.html]
[www.cnblogs.com/xinxianquan/p/10174388.html]
[www.cnblogs.com/xinxianquan/p/10172668.html]
[www.cnblogs.com/xinxianquan/archive/2018/12/24.html]
[www.cnblogs.com/xinxianquan/p/10166545.html]
[www.cnblogs.com/xinxianquan/archive/2018/12/20.html]
[www.cnblogs.com/xinxianquan/p/10140568.html]
[www.cnblogs.com/xinxianquan/archive/2018/12/19.html]
[www.cnblogs.com/xinxianquan/p/10140686.html]
[www.cnblogs.com/xinxianquan/archive/2018/12/06.html]
[www.cnblogs.com/xinxianquan/p/10077245.html]
[www.cnblogs.com/xinxianquan/archive/2018/12/02.html]
[www.cnblogs.com/xinxianquan/p/10054771.html]
[www.cnblogs.com/xinxianquan/p/10053966.html]
[www.cnblogs.com/xinxianquan/archive/2018/11/20.html]
[www.cnblogs.com/xinxianquan/archive/2018/11/16.html]
[www.cnblogs.com/xinxianquan/archive/2018/11/03.html]
[www.cnblogs.com/xinxianquan/p/9881098.html]
[www.cnblogs.com/xinxianquan/p/9899222.html]
[www.cnblogs.com/xinxianquan/archive/2018/10/25.html]
[www.cnblogs.com/xinxianquan/p/9848660.html]
[www.cnblogs.com/xinxianquan/archive/2018/10/23.html]
[www.cnblogs.com/xinxianquan/p/9837702.html]
[www.cnblogs.com/xinxianquan/archive/2018/10/22.html]
[www.cnblogs.com/xinxianquan/p/9831156.html]
[www.cnblogs.com/xinxianquan/p/9221888.html]
[www.cnblogs.com/xinxianquan/p/9769456.html]
[www.cnblogs.com/xinxianquan/p/9732690.html]
[www.cnblogs.com/xinxianquan/p/9532214.html]
[www.cnblogs.com/xinxianquan/p/9773422.html]
[www.cnblogs.com/xinxianquan/p/9811585.html]
[www.cnblogs.com/xinxianquan/p/9779096.html]
[www.cnblogs.com/xinxianquan/p/9771835.html]
[www.cnblogs.com/xinxianquan/archive/2018/10/17.html]
[www.cnblogs.com/xinxianquan/p/9806500.html]
[www.cnblogs.com/xinxianquan/archive/2018/10/12.html]
[www.cnblogs.com/xinxianquan/p/9781105.html]
[www.cnblogs.com/xinxianquan/p/9778244.html]
[www.cnblogs.com/xinxianquan/archive/2018/10/10.html]
[www.cnblogs.com/xinxianquan/p/9762614.html]
[www.cnblogs.com/xinxianquan/p/9767597.html]
[www.cnblogs.com/xinxianquan/archive/2018/10/09.html]
[www.cnblogs.com/xinxianquan/p/9760679.html]
[www.cnblogs.com/xinxianquan/p/9697070.html]
[www.cnblogs.com/xinxianquan/p/9699065.html]
[www.cnblogs.com/xinxianquan/archive/2018/10/06.html]
[www.cnblogs.com/xinxianquan/p/9746854.html]
[www.cnblogs.com/xinxianquan/archive/2018/10/04.html]
[www.cnblogs.com/xinxianquan/articles/9741143.html]
[www.cnblogs.com/xinxianquan/archive/2018/10/02.html]
[www.cnblogs.com/xinxianquan/p/9735720.html]
[www.cnblogs.com/xinxianquan/archive/2018/09/29.html]
[www.cnblogs.com/xinxianquan/p/9724226.html]
[www.cnblogs.com/xinxianquan/p/9721817.html]
[www.cnblogs.com/xinxianquan/archive/2018/09/26.html]
[www.cnblogs.com/xinxianquan/p/9704861.html]
[www.cnblogs.com/xinxianquan/archive/2018/09/24.html]
[www.cnblogs.com/xinxianquan/p/9695990.html]
[www.cnblogs.com/xinxianquan/archive/2018/09/23.html]
[www.cnblogs.com/xinxianquan/p/9682098.html]
[www.cnblogs.com/xinxianquan/p/9687614.html]
[www.cnblogs.com/xinxianquan/archive/2018/09/19.html]
[www.cnblogs.com/xinxianquan/p/9675613.html]
[www.cnblogs.com/xinxianquan/p/9660267.html]
[www.cnblogs.com/xinxianquan/archive/2018/09/09.html]
[www.cnblogs.com/xinxianquan/p/9610974.html]
[www.cnblogs.com/xinxianquan/archive/2018/09/08.html]
[www.cnblogs.com/xinxianquan/p/9609770.html]
[www.cnblogs.com/xinxianquan/archive/2018/09/07.html]
[www.cnblogs.com/xinxianquan/p/9607488.html]
[www.cnblogs.com/xinxianquan/archive/2018/09/06.html]
[www.cnblogs.com/xinxianquan/p/9601690.html]
[www.cnblogs.com/xinxianquan/archive/2018/09/05.html]
[www.cnblogs.com/xinxianquan/p/9595485.html]
[www.cnblogs.com/xinxianquan/p/9593700.html]
[www.cnblogs.com/xinxianquan/archive/2018/09/04.html]
[www.cnblogs.com/xinxianquan/p/9588543.html]
[www.cnblogs.com/xinxianquan/p/9586041.html]
[www.cnblogs.com/xinxianquan/archive/2018/09/03.html]
[www.cnblogs.com/xinxianquan/p/9575782.html]
[www.cnblogs.com/xinxianquan/archive/2018/09/01.html]
[www.cnblogs.com/xinxianquan/p/9572015.html]
[www.cnblogs.com/xinxianquan/archive/2018/08/31.html]
[www.cnblogs.com/xinxianquan/p/9568672.html]
[www.cnblogs.com/xinxianquan/p/9564833.html]
[www.cnblogs.com/xinxianquan/archive/2018/08/30.html]
[www.cnblogs.com/xinxianquan/p/9562861.html]
[www.cnblogs.com/xinxianquan/archive/2018/08/29.html]
[www.cnblogs.com/xinxianquan/articles/9553369.html]
[www.cnblogs.com/xinxianquan/archive/2018/08/24.html]
[www.cnblogs.com/xinxianquan/p/9241103.html]
[www.cnblogs.com/xinxianquan/archive/2018/08/18.html]
[www.cnblogs.com/xinxianquan/p/9499125.html]
[www.cnblogs.com/xinxianquan/p/9498453.html]
[www.cnblogs.com/xinxianquan/archive/2018/08/15.html]
[www.cnblogs.com/xinxianquan/p/9484590.html]
[www.cnblogs.com/xinxianquan/archive/2018/08/12.html]
[www.cnblogs.com/xinxianquan/p/9446175.html]
[www.cnblogs.com/xinxianquan/p/9425576.html]
[www.cnblogs.com/xinxianquan/p/9420341.html]
[www.cnblogs.com/xinxianquan/archive/2018/08/10.html]
[www.cnblogs.com/xinxianquan/p/9457902.html]
[www.cnblogs.com/xinxianquan/archive/2018/08/09.html]
[www.cnblogs.com/xinxianquan/p/9452200.html]
[www.cnblogs.com/xinxianquan/p/9452006.html]
[www.cnblogs.com/xinxianquan/archive/2018/08/07.html]
[www.cnblogs.com/xinxianquan/p/9356390.html]
[www.cnblogs.com/xinxianquan/p/9439461.html]
[www.cnblogs.com/xinxianquan/p/9427747.html]
[www.cnblogs.com/xinxianquan/archive/2018/08/03.html]
[www.cnblogs.com/xinxianquan/p/9415387.html]
[www.cnblogs.com/xinxianquan/p/9412928.html]
[www.cnblogs.com/xinxianquan/p/9410355.html]
[www.cnblogs.com/xinxianquan/archive/2018/08/02.html]
[www.cnblogs.com/xinxianquan/p/9409331.html]
[www.cnblogs.com/xinxianquan/p/9407597.html]
[www.cnblogs.com/xinxianquan/archive/2018/08/01.html]
[www.cnblogs.com/xinxianquan/p/9404316.html]
[www.cnblogs.com/xinxianquan/archive/2018/07/28.html]
[www.cnblogs.com/xinxianquan/p/9379880.html]
[www.cnblogs.com/xinxianquan/archive/2018/07/25.html]
[www.cnblogs.com/xinxianquan/p/9368720.html]
[www.cnblogs.com/xinxianquan/archive/2018/07/23.html]
[www.cnblogs.com/xinxianquan/p/9357359.html]
[www.cnblogs.com/xinxianquan/p/9351852.html]
[www.cnblogs.com/xinxianquan/archive/2018/07/22.html]
[www.cnblogs.com/xinxianquan/p/9350693.html]
[www.cnblogs.com/xinxianquan/archive/2018/07/21.html]
[www.cnblogs.com/xinxianquan/p/9305694.html]
[www.cnblogs.com/xinxianquan/archive/2018/07/20.html]
[www.cnblogs.com/xinxianquan/p/9344555.html]
[www.cnblogs.com/xinxianquan/archive/2018/07/19.html]
[www.cnblogs.com/xinxianquan/p/9336943.html]
[www.cnblogs.com/xinxianquan/archive/2018/07/17.html]
[www.cnblogs.com/xinxianquan/p/9315441.html]
[www.cnblogs.com/xinxianquan/archive/2018/07/15.html]
[www.cnblogs.com/xinxianquan/p/9005435.html]
[www.cnblogs.com/xinxianquan/p/9248788.html]
[www.cnblogs.com/xinxianquan/archive/2018/07/12.html]
[www.cnblogs.com/xinxianquan/p/9302389.html]
[www.cnblogs.com/xinxianquan/p/9298493.html]
[www.cnblogs.com/xinxianquan/archive/2018/06/28.html]
[www.cnblogs.com/xinxianquan/p/9239983.html]
[www.cnblogs.com/xinxianquan/archive/2018/06/22.html]
[www.cnblogs.com/xinxianquan/articles/9215862.html]
[www.cnblogs.com/xinxianquan/p/9214128.html]
[www.cnblogs.com/xinxianquan/archive/2018/06/20.html]
[www.cnblogs.com/xinxianquan/p/9206282.html]
[www.cnblogs.com/xinxianquan/archive/2018/05/31.html]
[www.cnblogs.com/xinxianquan/p/9119278.html]
[www.cnblogs.com/xinxianquan/archive/2018/05/30.html]
[www.cnblogs.com/xinxianquan/p/9113874.html]
[www.cnblogs.com/xinxianquan/archive/2018/05/24.html]
[www.cnblogs.com/xinxianquan/p/9085090.html]
[www.cnblogs.com/xinxianquan/archive/2018/05/22.html]
[www.cnblogs.com/xinxianquan/p/9074382.html]
[www.cnblogs.com/xinxianquan/archive/2018/05/17.html]
[www.cnblogs.com/xinxianquan/p/9050279.html]
[www.cnblogs.com/xinxianquan/archive/2018/05/10.html]
[www.cnblogs.com/xinxianquan/p/9020646.html]
[www.cnblogs.com/xinxianquan/archive/2018/05/09.html]
[www.cnblogs.com/xinxianquan/p/9015075.html]
[www.cnblogs.com/xinxianquan/archive/2018/05/06.html]
[www.cnblogs.com/xinxianquan/p/8998893.html]
[www.cnblogs.com/xinxianquan/p/8996423.html]
[www.cnblogs.com/xinxianquan/archive/2018/05/03.html]
[www.cnblogs.com/xinxianquan/p/8987948.html]
[www.cnblogs.com/xinxianquan/archive/2018/04/26.html]
[www.cnblogs.com/xinxianquan/p/8886450.html]
[www.cnblogs.com/xinxianquan/p/8951018.html]
[www.cnblogs.com/xinxianquan/archive/2018/04/25.html]
[www.cnblogs.com/xinxianquan/p/8946385.html]
[www.cnblogs.com/xinxianquan/archive/2018/04/24.html]
[www.cnblogs.com/xinxianquan/archive/2018/04/23.html]
[www.cnblogs.com/xinxianquan/articles/8921963.html]
[www.cnblogs.com/xinxianquan/archive/2018/04/19.html]
[www.cnblogs.com/xinxianquan/articles/8886236.html]
[www.cnblogs.com/xinxianquan/archive/2018/04/18.html]
[www.cnblogs.com/xinxianquan/p/8877819.html]
[www.cnblogs.com/xinxianquan/archive/2018/04/17.html]
[www.cnblogs.com/xinxianquan/p/8870427.html]
[www.cnblogs.com/xinxianquan/archive/2018/04/15.html]
[www.cnblogs.com/xinxianquan/p/8849710.html]
[www.cnblogs.com/xinxianquan/archive/2018/04/14.html]
[www.cnblogs.com/xinxianquan/articles/8836274.html]
[www.cnblogs.com/xinxianquan/archive/2018/04/13.html]
[www.cnblogs.com/xinxianquan/p/8824167.html]
[www.cnblogs.com/xinxianquan/p/8729238.html]
[www.cnblogs.com/xinxianquan/archive/2018/04/12.html]
[www.cnblogs.com/xinxianquan/p/8735340.html]
[www.cnblogs.com/xinxianquan/p/8810713.html]
[www.cnblogs.com/xinxianquan/archive/2018/04/11.html]
[www.cnblogs.com/xinxianquan/p/8798372.html]
[www.cnblogs.com/xinxianquan/archive/2018/04/10.html]
[www.cnblogs.com/xinxianquan/p/8783793.html]
[www.cnblogs.com/xinxianquan/archive/2018/04/09.html]
[www.cnblogs.com/xinxianquan/p/8763441.html]
[www.cnblogs.com/xinxianquan/archive/2018/04/08.html]
[www.cnblogs.com/xinxianquan/p/8747936.html]
[www.cnblogs.com/xinxianquan/archive/2018/04/05.html]
[www.cnblogs.com/xinxianquan/p/8724248.html]
[www.cnblogs.com/xinxianquan/p/8723258.html]
[www.cnblogs.com/xinxianquan/archive/2018/04/03.html]
[www.cnblogs.com/xinxianquan/p/8711610.html]
[www.cnblogs.com/xinxianquan/archive/2018/04/02.html]
[www.cnblogs.com/xinxianquan/p/8688637.html]
[www.cnblogs.com/xinxianquan/archive/2018/03/30.html]
[www.cnblogs.com/xinxianquan/p/8678815.html]
[www.cnblogs.com/xinxianquan/archive/2018/03/29.html]
[www.cnblogs.com/xinxianquan/p/8656853.html]
[www.cnblogs.com/xinxianquan/archive/2018/03/26.html]
[www.cnblogs.com/xinxianquan/p/8654611.html]
[www.cnblogs.com/xinxianquan/archive/2018/03/25.html]
[www.cnblogs.com/xinxianquan/p/8646721.html]
[www.cnblogs.com/xinxianquan/p/8641758.html]
[www.cnblogs.com/xinxianquan/archive/2018/03/23.html]
[www.cnblogs.com/xinxianquan/p/8635358.html]
[www.cnblogs.com/xinxianquan/archive/2018/03/22.html]
[www.cnblogs.com/xinxianquan/p/8627365.html]
[www.cnblogs.com/xinxianquan/archive/2018/03/21.html]
[www.cnblogs.com/xinxianquan/p/8620219.html]
[www.cnblogs.com/xinxianquan/archive/2018/03/20.html]
[www.cnblogs.com/xinxianquan/p/8613219.html]
[www.cnblogs.com/xinxianquan/archive/2018/03/18.html]
[www.cnblogs.com/xinxianquan/p/8586088.html]
[www.cnblogs.com/xinxianquan/archive/2018/03/17.html]
[www.cnblogs.com/xinxianquan/p/8592983.html]
[www.cnblogs.com/xinxianquan/archive/2018/03/16.html]
[www.cnblogs.com/xinxianquan/p/8576874.html]
[www.cnblogs.com/xinxianquan/archive/2018/03/15.html]
[www.cnblogs.com/xinxianquan/p/8575932.html]
[www.cnblogs.com/xinxianquan/archive/2018/03/14.html]
[www.cnblogs.com/xinxianquan/p/8568347.html]
[www.cnblogs.com/xinxianquan/archive/2018/03/13.html]
[www.cnblogs.com/xinxianquan/p/8554284.html]
[www.cnblogs.com/xinxianquan/archive/2018/03/12.html]
[www.cnblogs.com/xinxianquan/p/8551946.html]
[www.cnblogs.com/xinxianquan/archive/2018/03/11.html]
[www.cnblogs.com/xinxianquan/p/8546568.html]
[www.cnblogs.com/xinxianquan/archive/2018/03/10.html]
[www.cnblogs.com/xinxianquan/p/8542465.html]
[www.cnblogs.com/xinxianquan/archive/2018/03/09.html]
[www.cnblogs.com/xinxianquan/p/8536801.html]
[www.cnblogs.com/xinxianquan/p/8536463.html]
[www.cnblogs.com/xinxianquan/archive/2018/03/08.html]
[www.cnblogs.com/xinxianquan/p/8531339.html]
[www.cnblogs.com/xinxianquan/archive/2018/03/07.html]
[www.cnblogs.com/xinxianquan/p/8525898.html]
[www.cnblogs.com/xinxianquan/archive/2018/03/06.html]
[www.cnblogs.com/xinxianquan/p/8519603.html]
[www.cnblogs.com/xinxianquan/p/8513574.html]
[www.cnblogs.com/xinxianquan/archive/2018/03/05.html]
[www.cnblogs.com/xinxianquan/p/8511824.html]
[www.cnblogs.com/xinxianquan/archive/2018/03/04.html]
[www.cnblogs.com/xinxianquan/p/8506465.html]
[www.cnblogs.com/xinxianquan/archive/2018/03/03.html]
[www.cnblogs.com/xinxianquan/p/8503050.html]
[www.cnblogs.com/xinxianquan/p/8496083.html]
[www.cnblogs.com/xinxianquan/archive/2018/03/02.html]
[www.cnblogs.com/xinxianquan/p/8492539.html]
[www.cnblogs.com/xinxianquan/archive/2018/03/01.html]
[www.cnblogs.com/xinxianquan/p/8476042.html]
[www.cnblogs.com/xinxianquan/p/8490741.html]
[www.cnblogs.com/xinxianquan/archive/2018/02/28.html]
[www.cnblogs.com/xinxianquan/p/8482849.html]
[www.cnblogs.com/xinxianquan/archive/2018/02/27.html]
[www.cnblogs.com/xinxianquan/p/8481345.html]
[www.cnblogs.com/xinxianquan/p/8478030.html]
[www.cnblogs.com/xinxianquan/p/8477874.html]
[www.cnblogs.com/xinxianquan/archive/2018/02/26.html]
[www.cnblogs.com/xinxianquan/p/8476214.html]
[www.cnblogs.com/xinxianquan/archive/2018/02/25.html]
[www.cnblogs.com/xinxianquan/p/8470741.html]
[www.cnblogs.com/xinxianquan/p/8469755.html]
[www.cnblogs.com/xinxianquan/p/8468690.html]
[www.cnblogs.com/xinxianquan/archive/2018/02/24.html]
[www.cnblogs.com/xinxianquan/p/8467886.html]
[www.cnblogs.com/xinxianquan/p/8464937.html]
[www.cnblogs.com/xinxianquan/archive/2018/02/23.html]
[www.cnblogs.com/xinxianquan/p/8463634.html]
[www.cnblogs.com/xinxianquan/p/8462817.html]
[www.cnblogs.com/xinxianquan/p/8461512.html]
[www.cnblogs.com/xinxianquan/archive/2018/02/22.html]
[www.cnblogs.com/xinxianquan/p/8460159.html]
[www.cnblogs.com/xinxianquan/archive/2018/02/10.html]
[www.cnblogs.com/xinxianquan/p/8439840.html]
[www.cnblogs.com/xinxianquan/p/8432964.html]
[www.cnblogs.com/xinxianquan/archive/2018/02/06.html]
[www.cnblogs.com/xinxianquan/p/8422355.html]
[www.cnblogs.com/xinxianquan/archive/2018/02/04.html]
[www.cnblogs.com/xinxianquan/p/8413417.html]
[www.cnblogs.com/xinxianquan/archive/2018/02/02.html]
[www.cnblogs.com/xinxianquan/p/8404648.html]
[www.cnblogs.com/xinxianquan/p/8402239.html]
[www.cnblogs.com/xinxianquan/archive/2018/02/01.html]
[www.cnblogs.com/xinxianquan/p/8394824.html]
[www.cnblogs.com/xinxianquan/archive/2018/01/31.html]
[www.cnblogs.com/xinxianquan/p/8394747.html]
[www.cnblogs.com/xinxianquan/p/8393610.html]
[www.cnblogs.com/xinxianquan/archive/2018/01/29.html]
[www.cnblogs.com/xinxianquan/p/8378559.html]
[www.cnblogs.com/xinxianquan/p/8378222.html]
[www.cnblogs.com/xinxianquan/p/8376439.html]
[www.cnblogs.com/xinxianquan/p/8376049.html]
[www.cnblogs.com/xinxianquan/archive/2018/01/28.html]
[www.cnblogs.com/xinxianquan/p/8370653.html]
[www.cnblogs.com/xinxianquan/archive/2018/01/27.html]
[www.cnblogs.com/xinxianquan/p/8367371.html]
[www.cnblogs.com/xinxianquan/p/8367275.html]
[www.cnblogs.com/xinxianquan/p/8365254.html]
[www.cnblogs.com/xinxianquan/archive/2018/01/23.html]
[www.cnblogs.com/xinxianquan/p/8336725.html]
[www.cnblogs.com/xinxianquan/p/8334092.html]
[www.cnblogs.com/xinxianquan/archive/2018/01/20.html]
[www.cnblogs.com/xinxianquan/articles/8322176.html]
[www.cnblogs.com/xinxianquan/archive/2018/01/19.html]
[www.cnblogs.com/xinxianquan/articles/8319063.html]
[www.cnblogs.com/xinxianquan/p/8317673.html]
[www.cnblogs.com/xinxianquan/archive/2018/01/18.html]
[www.cnblogs.com/xinxianquan/articles/8311479.html]
[www.cnblogs.com/xinxianquan/archive/2018/01/17.html]
[www.cnblogs.com/xinxianquan/articles/8306520.html]
[www.cnblogs.com/xinxianquan/p/8301782.html]
[www.cnblogs.com/xinxianquan/archive/2018/01/11.html]
[www.cnblogs.com/xinxianquan/p/8270684.html]
[www.cnblogs.com/xinxianquan/archive/2018/01/09.html]
[www.cnblogs.com/xinxianquan/p/8253928.html]
[www.cnblogs.com/xinxianquan/archive/2018/01/07.html]
[www.cnblogs.com/xinxianquan/articles/8232358.html]
[www.cnblogs.com/xinxianquan/archive/2017/12/25.html]
[www.cnblogs.com/xinxianquan/articles/8111509.html]
[www.cnblogs.com/xinxianquan/archive/2017/12/18.html]
[www.cnblogs.com/xinxianquan/p/8060242.html]
[www.cnblogs.com/xinxianquan/archive/2017/12/17.html]
[www.cnblogs.com/xinxianquan/p/8053511.html]
[www.cnblogs.com/xinxianquan/archive/2017/11/29.html]
[www.cnblogs.com/xinxianquan/p/7921333.html]
[www.cnblogs.com/xinxianquan/archive/2017/11/28.html]
[www.cnblogs.com/xinxianquan/p/7912115.html]
[www.cnblogs.com/xinxianquan/p/7909131.html]
[www.cnblogs.com/xinxianquan/archive/2017/11/27.html]
[www.cnblogs.com/xinxianquan/p/7904953.html]
[www.cnblogs.com/xinxianquan/archive/2017/11/24.html]
[www.cnblogs.com/xinxianquan/p/7892639.html]
[www.cnblogs.com/xinxianquan/p/7891290.html]
[www.cnblogs.com/xinxianquan/archive/2017/11/23.html]
[www.cnblogs.com/xinxianquan/p/7886003.html]
[www.cnblogs.com/xinxianquan/archive/2017/11/20.html]
[www.cnblogs.com/xinxianquan/p/7868618.html]
[www.cnblogs.com/xinxianquan/archive/2017/11/19.html]
[www.cnblogs.com/xinxianquan/p/7860852.html]
[www.cnblogs.com/xinxianquan/archive/2017/11/14.html]
[www.cnblogs.com/xinxianquan/p/7834500.html]
[www.cnblogs.com/xinxianquan/p/moz-extension_/bf35e6be-fd2f-4d64-947f-df5fd9df0537/speech.html]
[www.cnblogs.com/xinxianquan/p/_mov_nnn.html]
[www.cnblogs.com/xinxianquan/p/_frame_a.html]
[www.cnblogs.com/xinxianquan/p/_http_www.baidu.html]
[www.cnblogs.com/xinxianquan/p/__.html]
